// Jest Snapshot v1, https://goo.gl/fbAQLP

exports[`shows the ChapterList panel 1`] = `
<div>
  <div
    className="p-xs border-r border-listBorder dark:border-dmlistBorder h-full w-full bg-sidebarSecondary dark:bg-dmsidebarSecondary false "
    onDragLeave={[Function]}
    onDragOver={[Function]}
    onDrop={[Function]}
  >
    <div
      className="w-full flex pb-xs border-b border-listBorder dark:border-dmlistBorder"
    >
      <button
        className="relative rounded-md inline-flex items-center text-black dark:text-gray-400  hover:bg-gray-50 ring-0 hover:bg-sidebar bg-sidebarSecondary dark:bg-dmsidebarSecondary dark:hover:bg-dmsidebar mr-xs"
        onClick={[Function]}
        type="button"
      >
        <span
          className="sr-only"
        >
          New
        </span>
        <svg
          aria-hidden="true"
          className="w-4 h-4 xl:w-5 xl:h-5"
          fill="none"
          stroke="currentColor"
          strokeWidth={1.5}
          viewBox="0 0 24 24"
          xmlns="http://www.w3.org/2000/svg"
        >
          <path
            d="M12 4.5v15m7.5-7.5h-15"
            strokeLinecap="round"
            strokeLinejoin="round"
          />
        </svg>
      </button>
      <button
        className="relative rounded-md inline-flex items-center text-black dark:text-gray-400  hover:bg-gray-50 ring-0 hover:bg-sidebar bg-sidebarSecondary dark:bg-dmsidebarSecondary dark:hover:bg-dmsidebar"
        onClick={[Function]}
        type="button"
      >
        <span
          className="sr-only"
        >
          Menu
        </span>
        <div
          className="relative flex"
          data-headlessui-state=""
        >
          <button
            aria-expanded={false}
            className="inline-flex items-center gap-x-1 text-sm font-semibold leading-6 text-gray-900"
            data-headlessui-state=""
            id={null}
            onClick={[Function]}
            onKeyDown={[Function]}
            onKeyUp={[Function]}
            onMouseDown={[Function]}
            type="button"
          >
            <span
              className="sr-only"
            >
              Menu
            </span>
            <svg
              aria-hidden="true"
              className="w-4 h-4 text-slate-400"
              fill="none"
              stroke="currentColor"
              strokeWidth={1.5}
              viewBox="0 0 24 24"
              xmlns="http://www.w3.org/2000/svg"
            >
              <path
                d="M6.75 12a.75.75 0 11-1.5 0 .75.75 0 011.5 0zM12.75 12a.75.75 0 11-1.5 0 .75.75 0 011.5 0zM18.75 12a.75.75 0 11-1.5 0 .75.75 0 011.5 0z"
                strokeLinecap="round"
                strokeLinejoin="round"
              />
            </svg>
          </button>
        </div>
      </button>
      <div
        className="flex-grow items-center text-center"
      >
        <h3
          className="text-sm uppercase font-semibold"
        >
          Chapters
        </h3>
      </div>
      <button
        className="relative rounded-md inline-flex items-center text-black dark:text-gray-400  hover:bg-gray-50 ring-0 hover:bg-sidebar bg-sidebarSecondary dark:bg-dmsidebarSecondary dark:hover:bg-dmsidebar"
        onClick={[Function]}
        type="button"
      >
        <span
          className="sr-only"
        >
          Close
        </span>
        <svg
          aria-hidden="true"
          className="w-4 h-4 xl:w-5 xl:h-5"
          fill="none"
          stroke="currentColor"
          strokeWidth={1.5}
          viewBox="0 0 24 24"
          xmlns="http://www.w3.org/2000/svg"
        >
          <path
            d="M6 18L18 6M6 6l12 12"
            strokeLinecap="round"
            strokeLinejoin="round"
          />
        </svg>
      </button>
    </div>
    <ul
      className="pt-xs"
    >
      <li
        className=""
      >
        <div
          className="flex text-black dark:text-slate-300 text-sm xl:text-md items-center rounded-md hover:bg-listitemhover hover:dark:bg-dmlistitemhover bg-listitemhover dark:bg-dmlistitemhover"
        >
          <a
            className="flex flex-grow items-center overflow-hidden  py-xs text-ellipsis whitespace-nowrap mr-xs"
            href="/book/book_1/chapter/chapter_1"
            onClick={[Function]}
          >
            <div
              className=""
            >
              <div
                className="px-xs"
              >
                New job
              </div>
            </div>
          </a>
          <div
            className="flex flex-none cursor-pointer items-center mr-xs"
          >
            <div
              className="relative flex"
              data-headlessui-state=""
            >
              <button
                aria-expanded={false}
                className="inline-flex items-center gap-x-1 text-sm font-semibold leading-6 text-gray-900"
                data-headlessui-state=""
                id={null}
                onClick={[Function]}
                onKeyDown={[Function]}
                onKeyUp={[Function]}
                onMouseDown={[Function]}
                type="button"
              >
                <span
                  className="sr-only"
                >
                  Menu
                </span>
                <svg
                  aria-hidden="true"
                  className="w-4 h-4 text-slate-400"
                  fill="none"
                  stroke="currentColor"
                  strokeWidth={1.5}
                  viewBox="0 0 24 24"
                  xmlns="http://www.w3.org/2000/svg"
                >
                  <path
                    d="M6.75 12a.75.75 0 11-1.5 0 .75.75 0 011.5 0zM12.75 12a.75.75 0 11-1.5 0 .75.75 0 011.5 0zM18.75 12a.75.75 0 11-1.5 0 .75.75 0 011.5 0z"
                    strokeLinecap="round"
                    strokeLinejoin="round"
                  />
                </svg>
              </button>
            </div>
          </div>
        </div>
      </li>
    </ul>
  </div>
</div>
`;
